Line 0: 'IBM Ireland Product Distribution Limited'
Line 1: 'IBM Ireland Product Distribution Limited, Building 3, IBM Technology Campus, Damastown Industrial Park,'
Line 2: 'Mulhuddart, Dublin 15, D15 HN66, Ireland'
Line 3: 'IBM Quotation'
Line 4: 'Customer Information'
Line 5: 'Customer Name:'
Line 6: 'Burgan Bank'
Line 7: 'Address:'
Line 8: 'Abdullah Al ahmad Street'
Line 9: 'City:'
Line 10: 'Al Sharq'
Line 11: 'State:'
Line 12: 'Postal/ZIP Code:'
Line 13: '12170'
Line 14: 'Country:'
Line 15: 'KW'
Line 16: 'Customer Set Designation:'
Line 17: 'Select Territory:'
Line 18: 'Yes'
Line 19: 'Government Entity (GOE):'
Line 20: 'Yes'
Line 21: 'PA'
Line 22: 'IBM Agreement Number:'
Line 23: '275544'
Line 24: 'IBM Site Number:'
Line 25: '4295246'
Line 26: 'Current PA SVP Level:'
Line 27: 'G'
Line 28: 'Anniversary:'
Line 29: '01-Jan'
Line 30: 'MEP (Maximum End User Price):'
Line 31: 'Yes'
Line 32: 'Bid Request Information'
Line 33: 'Bid Number:'
Line 34: '21768874'
Line 35: 'Bid Effective Date:'
Line 36: '29-Jul-2026'
Line 37: 'Bid Expiration Date:'
Line 38: '31-Aug-2026'
Line 39: 'Date Bid Sent:'
Line 40: '29-Jul-2026'
Line 41: 'Distributor Name:'
Line 42: 'Mindware FZ-LLC (av1xh) / UAE'
Line 43: 'Distributor SAP ID:'
Line 44: '4230767'
Line 45: 'Reseller Name:'
Line 46: 'Khorafi Business Machines W.L.L'
Line 47: 'Reseller ID:'
Line 48: '7810015'
Line 49: 'Summary'
Line 50: 'Current Transaction'
Line 51: 'Maximum End User Price (MEP):'
Line 52: '             981.088,18 USD'
Line 53: 'Bid Total Commit Value:'
Line 54: '       981.088,18 USD'
Line 55: 'Partner Bid Total Commit Value:'
Line 56: '       879.321,13 USD'
Line 57: 'Page 1 of 5'
Line 58: 'IBM Ireland Product Distribution Limited'
Line 59: 'IBM Ireland Product Distribution Limited, Building 3, IBM Technology Campus, Damastown Industrial Park,'
Line 60: 'Mulhuddart, Dublin 15, D15 HN66, Ireland'
Line 61: 'Current Transaction:'
Line 62: 'Software, Appliance, and Subscription and Support'
Line 63: 'IBM Cloud Pak for Integration Virtual Processor Core License + SW Subscription & Support 12 Months'
Line 64: 'Part#: D20ZBLL'
Line 65: 'Current Transaction'
Line 66: 'Duration: 27-Jul-2026-31-Jul-2027'
Line 67: 'Standard Price: 203.574,78'
Line 68: 'Channel Margin: 6%'
Line 69: 'Unit Points: 156,00'
Line 70: 'Ext Points: 2.808,00'
Line 71: 'IBM Opportunity Number: 006gR000006JLLRQA4'
Line 72: 'Line Item'
Line 73: 'Quantity'
Line 74: 'Entitled'
Line 75: 'Unit SVP'
Line 76: 'Entitled'
Line 77: 'Ext SVP'
Line 78: 'Discount %'
Line 79: 'Partner Bid'
Line 80: 'Bid'
Line 81: 'Unit SVP'
Line 82: 'Bid'
Line 83: 'Ext SVP'
Line 84: '001'
Line 85: '18'
Line 86: '33.901,00'
Line 87: '610.218,00'
Line 88: '66,639'
Line 89: '191.360,34'
Line 90: '11.309,71'
Line 91: '203.574,78 USD'
Line 92: 'IBM Cloud Pak for Integration Virtual Processor Core Annual SW Subscription & Support Renewal 12 Months'
Line 93: 'Part#: E0PPBLL'
Line 94: 'Current Transaction'
Line 95: 'Duration: 01-Aug-2027-31-Jul-2028'
Line 96: 'Standard Price: 41.936,76'
Line 97: 'Channel Margin: 3%'
Line 98: 'Unit Points: 31,10'
Line 99: 'Ext Points: 559,80'
Line 100: 'IBM Opportunity Number: 006gR000006JLLRQA4'
Line 101: 'Line Item'
Line 102: 'Quantity'
Line 103: 'Entitled'
Line 104: 'Unit SVP'
Line 105: 'Entitled'
Line 106: 'Ext SVP'
Line 107: 'Discount %'
Line 108: 'Partner Bid'
Line 109: 'Bid'
Line 110: 'Unit SVP'
Line 111: 'Bid'
Line 112: 'Ext SVP'
Line 113: '002'
Line 114: '18'
Line 115: '6.781,00'
Line 116: '122.058,00'
Line 117: '65,642'
Line 118: '40.678,74'
Line 119: '2.329,82'
Line 120: '41.936,76 USD'
Line 121: 'IBM Cloud Pak for Integration Virtual Processor Core Annual SW Subscription & Support Renewal 12 Months'
Line 122: 'Part#: E0PPBLL'
Line 123: 'Current Transaction'
Line 124: 'Duration: 01-Aug-2028-31-Jul-2029'
Line 125: 'Standard Price: 43.195,14'
Line 126: 'Channel Margin: 3%'
Line 127: 'Unit Points: 31,10'
Line 128: 'Ext Points: 559,80'
Line 129: 'IBM Opportunity Number: 006gR000006JLLRQA4'
Line 130: 'Line Item'
Line 131: 'Quantity'
Line 132: 'Entitled'
Line 133: 'Unit SVP'
Line 134: 'Entitled'
Line 135: 'Ext SVP'
Line 136: 'Discount %'
Line 137: 'Partner Bid'
Line 138: 'Bid'
Line 139: 'Unit SVP'
Line 140: 'Bid'
Line 141: 'Ext SVP'
Line 142: '003'
Line 143: '18'
Line 144: '6.781,00'
Line 145: '122.058,00'
Line 146: '64,611'
Line 147: '41.899,32'
Line 148: '2.399,73'
Line 149: '43.195,14 USD'
Line 150: 'Page 2 of 5'
Line 151: 'IBM Ireland Product Distribution Limited'
Line 152: 'IBM Ireland Product Distribution Limited, Building 3, IBM Technology Campus, Damastown Industrial Park,'
Line 153: 'Mulhuddart, Dublin 15, D15 HN66, Ireland'
Line 154: 'IBM Cloud Pak for Integration Virtual Processor Core Annual SW Subscription & Support Renewal 12 Months'
Line 155: 'Part#: E0PPBLL'
Line 156: 'Current Transaction'
Line 157: 'Duration: 01-Aug-2029-31-Jul-2030'
Line 158: 'Standard Price: 44.490,06'
Line 159: 'Channel Margin: 3%'
Line 160: 'Unit Points: 31,10'
Line 161: 'Ext Points: 559,80'
Line 162: 'IBM Opportunity Number: 006gR000006JLLRQA4'
Line 163: 'Line Item'
Line 164: 'Quantity'
Line 165: 'Entitled'
Line 166: 'Unit SVP'
Line 167: 'Entitled'
Line 168: 'Ext SVP'
Line 169: 'Discount %'
Line 170: 'Partner Bid'
Line 171: 'Bid'
Line 172: 'Unit SVP'
Line 173: 'Bid'
Line 174: 'Ext SVP'
Line 175: '004'
Line 176: '18'
Line 177: '6.781,00'
Line 178: '122.058,00'
Line 179: '63,550'
Line 180: '43.155,36'
Line 181: '2.471,67'
Line 182: '44.490,06 USD'
Line 183: 'IBM Cloud Pak for Integration Virtual Processor Core Annual SW Subscription & Support Renewal 12 Months'
Line 184: 'Part#: E0PPBLL'
Line 185: 'Current Transaction'
Line 186: 'Duration: 01-Aug-2030-31-Jul-2031'
Line 187: 'Standard Price: 45.825,48'
Line 188: 'Channel Margin: 3%'
Line 189: 'Unit Points: 31,10'
Line 190: 'Ext Points: 559,80'
Line 191: 'IBM Opportunity Number: 006gR000006JLLRQA4'
Line 192: 'Line Item'
Line 193: 'Quantity'
Line 194: 'Entitled'
Line 195: 'Unit SVP'
Line 196: 'Entitled'
Line 197: 'Ext SVP'
Line 198: 'Discount %'
Line 199: 'Partner Bid'
Line 200: 'Bid'
Line 201: 'Unit SVP'
Line 202: 'Bid'
Line 203: 'Ext SVP'
Line 204: '005'
Line 205: '18'
Line 206: '6.781,00'
Line 207: '122.058,00'
Line 208: '62,456'
Line 209: '44.450,64'
Line 210: '2.545,86'
Line 211: '45.825,48 USD'
Line 212: 'Software, Appliance, and Subscription and Support Total:'
Line 213: '       379.022,22 USD'
Line 214: 'Subscription License'
Line 215: 'Page 3 of 5'
Line 216: 'IBM Ireland Product Distribution Limited'
Line 217: 'IBM Ireland Product Distribution Limited, Building 3, IBM Technology Campus, Damastown Industrial Park,'
Line 218: 'Mulhuddart, Dublin 15, D15 HN66, Ireland'
Line 219: 'IBM webMethods Hybrid Integration Subscription Resource Unit Subscription License'
Line 220: 'Subscription Part#: D11F7ZX'
Line 221: 'Billing: Upfront'
Line 222: 'Current Transaction'
Line 223: 'Customer Unit Price: 2.568,00'
Line 224: 'Channel Discount: 14%'
Line 225: 'Subscription Length:  60 Months'
Line 226: 'Price Change within Subscription: Increase 3% every 12 months'
Line 227: 'Renewal Type: Expires at end of Subscription'
Line 228: 'Renewal: No'
Line 229: 'IBM Opportunity Number: 006gR000006JLLRQA4'
Line 230: 'Line'
Line 231: 'Item'
Line 232: 'Quantity'
Line 233: 'Months'
Line 234: 'Customer'
Line 235: 'Entitled Rate'
Line 236: 'Customer Entitled'
Line 237: 'Total Commit Value'
Line 238: 'Discount %*'
Line 239: 'Bid Rate*'
Line 240: 'Bid'
Line 241: 'Total Commit Value*'
Line 242: 'Bid'
Line 243: 'Unit Price'
Line 244: 'Partner'
Line 245: 'Bid Rate'
Line 246: 'Partner Bid'
Line 247: 'Total Commit Value'
Line 248: '006'
Line 249: '101'
Line 250: '1-12'
Line 251: '        51.873,60'
Line 252: '        51.873,60'
Line 253: '40,000'
Line 254: '        31.124,16'
Line 255: '        31.124,16'
Line 256: '           308,16'
Line 257: '        26.766,78'
Line 258: '        26.766,78'
Line 259: '007'
Line 260: '101'
Line 261: '13-24'
Line 262: '        51.873,60'
Line 263: '        51.873,60'
Line 264: '38,200'
Line 265: '        32.057,88'
Line 266: '        32.057,88'
Line 267: '           317,40'
Line 268: '        27.569,78'
Line 269: '        27.569,78'
Line 270: '008'
Line 271: '101'
Line 272: '25-36'
Line 273: '        51.873,60'
Line 274: '        51.873,60'
Line 275: '36,346'
Line 276: '        33.019,62'
Line 277: '        33.019,62'
Line 278: '           326,93'
Line 279: '        28.396,87'
Line 280: '        28.396,87'
Line 281: '009'
Line 282: '101'
Line 283: '37-48'
Line 284: '        51.873,60'
Line 285: '        51.873,60'
Line 286: '34,436'
Line 287: '        34.010,21'
Line 288: '        34.010,21'
Line 289: '           336,73'
Line 290: '        29.248,78'
Line 291: '        29.248,78'
Line 292: '010'
Line 293: '101'
Line 294: '49-60'
Line 295: '        51.873,60'
Line 296: '        51.873,60'
Line 297: '32,469'
Line 298: '        35.030,52'
Line 299: '        35.030,52'
Line 300: '           346,84'
Line 301: '        30.126,24'
Line 302: '        30.126,25'
Line 303: 'Subtotal'
Line 304: '       259.368,00'
Line 305: '       165.242,39'
Line 306: '       142.108,46 USD'
Line 307: 'IBM Cloud Pak for Integration Virtual Processor Core Subscription License'
Line 308: 'Subscription Part#: D2689LL'
Line 309: 'Billing: Upfront'
Line 310: 'Current Transaction'
Line 311: 'Customer Unit Price: 79.620,00'
Line 312: 'Channel Discount: 14%'
Line 313: 'Subscription Length:  60 Months'
Line 314: 'Price Change within Subscription: Increase 3% every 12 months'
Line 315: 'Renewal Type: Expires at end of Subscription'
Line 316: 'Renewal: No'
Line 317: 'IBM Opportunity Number: 006gR000006JLLRQA4'
Line 318: 'Line'
Line 319: 'Item'
Line 320: 'Quantity'
Line 321: 'Months'
Line 322: 'Customer'
Line 323: 'Entitled Rate'
Line 324: 'Customer Entitled'
Line 325: 'Total Commit Value'
Line 326: 'Discount %*'
Line 327: 'Bid Rate*'
Line 328: 'Bid'
Line 329: 'Total Commit Value*'
Line 330: 'Bid'
Line 331: 'Unit Price'
Line 332: 'Partner'
Line 333: 'Bid Rate'
Line 334: 'Partner Bid'
Line 335: 'Total Commit Value'
Line 336: '011'
Line 337: '18'
Line 338: '1-12'
Line 339: '       286.632,00'
Line 340: '       286.632,00'
Line 341: '71,295'
Line 342: '        82.277,72'
Line 343: '        82.277,72'
Line 344: '         4.570,98'
Line 345: '        70.758,84'
Line 346: '        70.758,84'
Line 347: '012'
Line 348: '18'
Line 349: '13-24'
Line 350: '       286.632,00'
Line 351: '       286.632,00'
Line 352: '70,434'
Line 353: '        84.746,05'
Line 354: '        84.746,05'
Line 355: '         4.708,11'
Line 356: '        72.881,60'
Line 357: '        72.881,60'
Line 358: '013'
Line 359: '18'
Line 360: '25-36'
Line 361: '       286.632,00'
Line 362: '       286.632,00'
Line 363: '69,547'
Line 364: '        87.288,43'
Line 365: '        87.288,43'
Line 366: '         4.849,36'
Line 367: '        75.068,05'
Line 368: '        75.068,05'
Line 369: '014'
Line 370: '18'
Line 371: '37-48'
Line 372: '       286.632,00'
Line 373: '       286.632,00'
Line 374: '68,633'
Line 375: '        89.907,08'
Line 376: '        89.907,08'
Line 377: '         4.994,84'
Line 378: '        77.320,09'
Line 379: '        77.320,09'
Line 380: '015'
Line 381: '18'
Line 382: '49-60'
Line 383: '       286.632,00'
Line 384: '       286.632,00'
Line 385: '67,692'
Line 386: '        92.604,29'
Line 387: '        92.604,29'
Line 388: '         5.144,68'
Line 389: '        79.639,69'
Line 390: '        79.639,69'
Line 391: 'Subtotal'
Line 392: '     1.433.160,00'
Line 393: '       436.823,57'
Line 394: '       375.668,27 USD'
Line 395: 'Subscription License Total:'
Line 396: '       602.065,96 USD'
Line 397: 'Page 4 of 5'
Line 398: 'IBM Ireland Product Distribution Limited'
Line 399: 'IBM Ireland Product Distribution Limited, Building 3, IBM Technology Campus, Damastown Industrial Park,'
Line 400: 'Mulhuddart, Dublin 15, D15 HN66, Ireland'
Line 401: 'The distributor channel discount will be applied to the total special bid revenue opportunity.'
Line 402: 'This quote must be ordered between 29-Jul-2026 and 31-Aug-2026.'
Line 403: 'If you have any questions regarding this special bid transaction, please contact: Ahmed El Salmy    Ahmed.El.Salmy@ibm.com'
Line 404: 'NOTES:'
Line 405: 'It is understood that final coverage dates for subscription part numbers will be based upon completion of order provisioning, irrespective of the dates which may appear in'
Line 406: 'this special bid.'
Line 407: 'Special bid pricing is valid for this transaction only.'
Line 408: 'This special bid is contingent upon all paperwork being on file with IBM.'
Line 409: 'For Future Offers, any margin discounts, incentives, or promotions will be applied based on then current availability and terms at the actual time of billing for the Future'
Line 410: "Offer. For clarity, this means that the pricing for any Future Offering in this Quotation will be recalculated at the time of Distributor's actual order to apply existing applicable"
Line 411: 'margin discounts, incentives, and promotions in effect at that time.'
Line 412: '* The channel discount is not included.'
Line 413: 'IBM Software Group'
Line 414: 'Special Bid Approval Notice'
Line 415: 'Page 5 of 5'
Line 416: 'IBM Ireland Product Distribution Limited'
Line 417: 'IBM Ireland Product Distribution Limited, Building 3, IBM Technology Campus, Damastown Industrial Park,'
Line 418: 'Mulhuddart, Dublin 15, D15 HN66, Ireland'
Line 419: 'VAT: Reg. No. IE4693255O'
Line 420: 'Useful/Important web resources:'
Line 421: 'Passport Advantage information, customer secure site access, training, etc.: www.ibm.com/software/passportadvantage'
Line 422: "IBM's International Program License Agreement and product License Information documents: www.ibm.com/software/sla"
Line 423: 'IBM Software Support web site: https://www.ibm.com/software/support/handbook.html'
Line 424: 'IBM Customer Number: 414051'
Line 425: 'IBM Terms and Conditions'
Line 426: 'IBM International Passport Advantage Agreement'
Line 427: 'The quote or order to which this document relates is governed by the terms of your Passport Advantage Agreement and its associated'
Line 428: 'attachment(s).'
Line 429: 'IBM Attachments for Monthly Licensing & Subscription Licensing'
Line 430: 'The transaction to which this document relates includes either Monthly Licenses or Subscription Licenses, or both. If your Passport'
Line 431: 'Advantage Agreement or the Passport Advantage Express Agreement that applies to this transaction does not already include terms for'
Line 432: 'Monthly Licensing and/or Subscription Licenses, as applicable, the terms of the IBM Attachment for Monthly Licensing and/or the'
Line 433: 'terms of the IBM Attachment for Subscription Licensing, in addition to the terms of your Passport Advantage or the Passport Advantage'
Line 434: 'Express Agreement, govern some or all of the quote or order to which this document relates. The referenced Attachments can be found'
Line 435: 'at the link below:'
Line 436: 'IBM International Passport Advantage/Passport Advantage Express Attachments for Monthly and Subscription Licensing'
Line 437: 'https://www.ibm.com/software/passportadvantage/termlicenses.html'
Line 438: 'Unless specifically agreed herein or in another signed agreement in writing between you and IBM, the licenses for the Programs and'
Line 439: 'S&S acquired under this Quote / Agreement may not be used to settle or resolve any software license non-compliance by you that'
Line 440: 'occurred prior to the Start Date of this Agreement. Further, unless otherwise agreed to by the parties in writing, the licenses for the'
Line 441: 'Programs and S&S acquired under this Quote / Agreement may not be used as authorization to deploy the Programs prior to the date of'
Line 442: 'your order against this Quote / Agreement. For more information about eligibility and reporting requirements for sub-capacity licensing,'
Line 443: 'please visit https://www.ibm.com/software/passportadvantage/subcaplicensing.html and for more information about eligibility and'
Line 444: 'reporting requirements for container licensing, please visit: https://www.ibm.com/software/passportadvantage/containerlicenses.html.'
Line 445: 'The terms of the IBM Software Special Bid Pricing Addendum apply to this Price Offer and can be found here:'
Line 446: 'https://www.ibm.com/support/customer/csol/terms/businesspartner/?ref=Z131-2442-01-04-2023-zz-en.'
Line 447: "If you have any trouble with the link(s) provided, please copy and paste the appropriate URL in your browser's navigation bar."
